Calculating task graph as no cached configuration is available for tasks: runIde
> Task :checkKotlinGradlePluginConfigurationErrors SKIPPED
> Task :compileKotlin UP-TO-DATE
> Task :compileJava NO-SOURCE

> Task :initializeIntellijPlatformPlugin
[org.jetbrains.intellij.platform] IntelliJ Platform Gradle Plugin is outdated: 2.16.0. Update `org.jetbrains.intellij.platform` to: 2.18.1

> Task :patchPluginXml UP-TO-DATE
> Task :generateManifest UP-TO-DATE
> Task :processResources UP-TO-DATE
> Task :classes UP-TO-DATE
> Task :jar UP-TO-DATE
> Task :composedJar UP-TO-DATE
> Task :prepareSandbox UP-TO-DATE

> Task :runIde
[0.060s][warning][cds] Archived non-system classes are disabled because the java.system.class.loader property is specified (value = "com.intellij.util.lang.PathClassLoader"). To use archived non-system classes, this property must not be set
gradlew.bat : 2026-09-03 08:52:21,008 [   3376]   WARN - #c.i.i.p.PluginManager - Problems found loading plugins:
At line:2 char:1
+ & .\gradlew.bat runIde *> "c:\Users\mageb\Documents\Gap Hunter Labs\t ...
+ ~~~~~~~~~~~~~~~~~~~~~~~~~~~~~~~~~~~~~~~~~~~~~~~~~~~~~~~~~~~~~~~~~~~~~
    + CategoryInfo          : NotSpecified: (2026-09-03 08:5...oading plugins::String) [], RemoteException
    + FullyQualifiedErrorId : NativeCommandError
 
  Plugin 'AOP Pointcut Language' (com.intellij.aop) requires plugin with id=com.intellij.modules.ultimate to be enabled
  Plugin 'Dev Containers' (org.jetbrains.plugins.docker.gateway) requires plugin with id=com.intellij.modules.ultimate 
to be enabled
  Plugin 'Kubernetes' (com.intellij.kubernetes) requires plugin with id=com.intellij.modules.ultimate to be enabled
  Plugin 'Cron Expressions' (com.intellij.cron) requires plugin with id=com.intellij.modules.ultimate to be enabled
  Plugin 'CSS' (com.intellij.css) requires plugin with id=com.intellij.modules.ultimate to be enabled
  Plugin 'Database Tools and SQL' (com.intellij.database) requires plugin with id=com.intellij.modules.ultimate to be 
enabled
  Plugin 'Flyway' (com.intellij.flyway) requires plugin with id=com.intellij.modules.ultimate to be enabled
  Plugin 'FreeMarker' (com.intellij.freemarker) requires plugin with id=com.intellij.modules.ultimate to be enabled
  Plugin 'Remote Development Gateway' (com.jetbrains.gateway) requires plugin with id=com.intellij.modules.ultimate to 
be enabled
  Plugin 'Hibernate' (com.intellij.hibernate) requires plugin with id=com.intellij.modules.ultimate to be enabled
  Plugin 'Shared Project Indexes' (intellij.indexing.shared) requires plugin with id=com.intellij.modules.ultimate to 
be enabled
  Plugin 'Dependency Structure Matrix' (com.intellij.dsm) requires plugin with id=com.intellij.modules.ultimate to be 
enabled
  Plugin 'JavaFX' (org.jetbrains.plugins.javaFX) requires plugin with id=com.intellij.modules.ultimate to be enabled
  Plugin 'Jakarta EE: Application Servers' (com.intellij.javaee.app.servers.integration) requires plugin with 
id=com.intellij.modules.ultimate to be enabled
  Plugin 'WildFly' (JBoss) requires plugin with id=com.intellij.modules.ultimate to be enabled
  Plugin 'Tomcat and TomEE' (Tomcat) requires plugin with id=com.intellij.modules.ultimate to be enabled
  Plugin 'Jakarta EE: Bean Validation' (com.intellij.beanValidation) requires plugin with 
id=com.intellij.modules.ultimate to be enabled
  Plugin 'Jakarta EE: Contexts and Dependency Injection (CDI)' (com.intellij.cdi) requires plugin with 
id=com.intellij.modules.ultimate to be enabled
  Plugin 'Jakarta EE: Data' (com.intellij.javaee.jakarta.data) requires plugin with id=com.intellij.modules.ultimate 
to be enabled
  Plugin 'Jakarta EE: RESTful Web Services (JAX-RS)' (com.jetbrains.restWebServices) requires plugin with 
id=com.intellij.modules.ultimate to be enabled
  Plugin 'Jakarta EE: Persistence (JPA)' (com.intellij.javaee.jpa) requires plugin with 
id=com.intellij.modules.ultimate to be enabled
  Plugin 'Jakarta EE: Server Pages (JSP)' (com.intellij.jsp) requires plugin with id=com.intellij.modules.ultimate to 
be enabled
  Plugin 'JVM Persistence Frameworks' (com.intellij.persistence) requires plugin with id=com.intellij.modules.ultimate 
to be enabled
  Plugin 'Jakarta EE Platform' (com.intellij.javaee) requires plugin with id=com.intellij.modules.ultimate to be 
enabled
  Plugin 'Jakarta EE: Web/Servlets' (com.intellij.javaee.web) requires plugin with id=com.intellij.modules.ultimate to 
be enabled
  Plugin 'JavaScript and TypeScript' (JavaScript) requires plugin with id=com.intellij.modules.ultimate to be enabled
  Plugin 'Ktor' (intellij.ktor) requires plugin with id=com.intellij.modules.ultimate to be enabled
  Plugin 'Liquibase' (com.intellij.liquibase) requires plugin with id=com.intellij.modules.ultimate to be enabled
  Plugin 'Micronaut' (com.intellij.micronaut) requires plugin with id=com.intellij.modules.ultimate to be enabled
  Plugin 'JVM Microservices Frameworks' (com.intellij.microservices.jvm) requires plugin with 
id=com.intellij.modules.ultimate to be enabled
  Plugin 'Node.js Remote Interpreter' (org.jetbrains.plugins.node-remote-interpreter) requires plugin with 
id=com.intellij.modules.ultimate to be enabled
  Plugin 'OpenRewrite' (com.intellij.openRewrite) requires plugin with id=com.intellij.modules.ultimate to be enabled
  Plugin 'Quarkus' (com.intellij.quarkus) requires plugin with id=com.intellij.modules.ultimate to be enabled
  Plugin 'Reactive Streams' (com.intellij.reactivestreams) requires plugin with id=com.intellij.modules.ultimate to be 
enabled
  Plugin 'SSH Remote Run' (org.jetbrains.plugins.remote-run) requires plugin with id=com.intellij.modules.ultimate to 
be enabled
  Plugin 'Spring Cloud' (com.intellij.spring.cloud) requires plugin with id=com.intellij.modules.ultimate to be enabled
  Plugin 'Spring Boot' (com.intellij.spring.boot) requires plugin with id=com.intellij.modules.ultimate to be enabled
  Plugin 'Spring Initializr' (com.intellij.spring.boot.initializr) requires plugin with 
id=com.intellij.modules.ultimate to be enabled
  Plugin 'Spring' (com.intellij.spring) requires plugin with id=com.intellij.modules.ultimate to be enabled
  Plugin 'Spring Data' (com.intellij.spring.data) requires plugin with id=com.intellij.modules.ultimate to be enabled
  Plugin 'Spring Integration Patterns' (com.intellij.spring.integration) requires plugin with 
id=com.intellij.modules.ultimate to be enabled
  Plugin 'Spring Messaging' (com.intellij.spring.messaging) requires plugin with id=com.intellij.modules.ultimate to 
be enabled
  Plugin 'Spring Modulith' (com.intellij.spring.modulith) requires plugin with id=com.intellij.modules.ultimate to be 
enabled
  Plugin 'Spring Web' (com.intellij.spring.mvc) requires plugin with id=com.intellij.modules.ultimate to be enabled
  Plugin 'Spring Security' (com.intellij.spring.security) requires plugin with id=com.intellij.modules.ultimate to be 
enabled
  Plugin 'Tailwind CSS' (com.intellij.tailwindcss) requires plugin with id=com.intellij.modules.ultimate to be enabled
  Plugin 'Time Tracking' (com.intellij.tasks.timeTracking) requires plugin with id=com.intellij.modules.ultimate to be 
enabled
  Plugin 'Thymeleaf' (com.intellij.thymeleaf) requires plugin with id=com.intellij.modules.ultimate to be enabled
  Plugin 'Apache Velocity' (com.intellij.velocity) requires plugin with id=com.intellij.modules.ultimate to be enabled
  Plugin 'FTP/SFTP/WebDAV Connectivity' (com.jetbrains.plugins.webDeployment) requires plugin with 
id=com.intellij.modules.ultimate to be enabled
  Plugin 'Refactor-X' (Refactor-X) requires plugin with id=com.intellij.modules.ultimate to be enabled
  Plugin 'WSL Support Framework' (org.jetbrains.plugins.wsl.remoteSdk) requires plugin with 
id=com.intellij.modules.ultimate to be enabled
  Plugin 'React' (com.intellij.react) has dependency on 'JavaScript and TypeScript' which cannot be loaded
  Plugin 'Stylelint' (com.intellij.stylelint) has dependency on 'JavaScript and TypeScript' which cannot be loaded
  Plugin 'Vite' (intellij.vitejs) has dependency on 'JavaScript and TypeScript' which cannot be loaded
  Plugin 'Less' (org.jetbrains.plugins.less) has dependency on 'CSS' which cannot be loaded
  Plugin 'Jakarta EE: Messaging (JMS)' (com.intellij.javaee.extensions) has dependency on 'Jakarta EE Platform' which 
cannot be loaded
  Plugin 'PostCSS' (org.intellij.plugins.postcss) has dependency on 'CSS' which cannot be loaded
  Plugin 'Jakarta EE: Expression Language (EL)' (com.intellij.javaee.el) has dependency on 'Jakarta EE Platform' which 
cannot be loaded
  Plugin 'Webpack' (intellij.webpack) has dependency on 'JavaScript and TypeScript' which cannot be loaded
  Plugin 'JavaScript Debugger' (JavaScriptDebugger) has dependency on 'com.intellij.modules.javascript' which is not 
installed
  Plugin 'Node.js' (NodeJS) has dependency on 'com.intellij.modules.javascript' which is not installed
  Plugin 'TSLint' (tslint) has dependency on 'JavaScript and TypeScript' which cannot be loaded
  Plugin 'Sass' (org.jetbrains.plugins.sass) has dependency on 'CSS' which cannot be loaded
  Plugin 'In-Editor Performance Hints' (com.intellij.LineProfiler) requires plugin with 
id=com.intellij.modules.ultimate to be enabled
  Plugin 'Styled Components & Styled JSX' (com.deadlock.scsyntax) has dependency on 'CSS' which cannot be loaded
  Plugin 'Polymer & Web Components' (com.intellij.plugins.webcomponents) has dependency on 'JavaScript and TypeScript' 
which cannot be loaded
  Plugin 'Prettier' (intellij.prettierJS) has dependency on 'com.intellij.modules.javascript' which is not installed
  Plugin 'Next.js' (intellij.nextjs) has dependency on 'JavaScript and TypeScript' which cannot be loaded
  Plugin 'Reverse Engineering' (com.intellij.javaee.reverseEngineering) has dependency on 'Liquibase' which cannot be 
loaded
  Plugin 'Karma' (Karma) has dependency on 'com.intellij.modules.javascript' which is not installed
  Plugin 'Vue.js' (org.jetbrains.plugins.vue) has dependency on 'JavaScript and TypeScript' which cannot be loaded
  Plugin 'JavaScript Intention Power Pack' (JSIntentionPowerPack) has dependency on 'JavaScript and TypeScript' which 
cannot be loaded
  Plugin 'Angular' (AngularJS) has dependency on 'JavaScript and TypeScript' which cannot be loaded
2026-09-03 08:52:32,717 [  15085]   WARN - #c.i.s.c.i.StationSocketConnectionLoop - Discovery connection failed with 
AnnotatedConnectException(ConnectException) (Connection refused: connect: 
C:\Users\mageb\AppData\Local\Temp\jb.station.mageb.sock)
2026-09-03 08:52:32,717 [  15085]   WARN - #c.i.s.c.i.StationSocketConnectionLoop - RecentProjects connection failed 
with AnnotatedConnectException(ConnectException) (Connection refused: connect: 
C:\Users\mageb\AppData\Local\Temp\jb.station.mageb.sock)
